ArrayFire v3.9.0 (CUDA, 64-bit Linux, build b59a1ae53)
Platform: CUDA Runtime 12.2, Driver: N/A
[0] NVIDIA GeForce RTX 4060, 8188 MB, CUDA Compute 8.9
Estimating PI using Monte Carlo method with:
Samples: 1.0e+00, Runs: 20
Memory required: 0.00 GB

device: 0.000097 s median (min 0.000080, max 0.000148) to estimate pi = 4.000000
  host: 0.000000 s median (min 0.000000, max 0.000000) to estimate pi = 4.000000
   omp: 0.000011 s median (min 0.000010, max 0.000024) to estimate pi = 4.000000
NOTE:  Device is the ArrayFire device, Host is single core performance, and OMP is multi-core performance

Estimating PI using Monte Carlo method with:
Samples: 1.0e+01, Runs: 20
Memory required: 0.00 GB

device: 0.000122 s median (min 0.000101, max 0.000156) to estimate pi = 3.200000
  host: 0.000000 s median (min 0.000000, max 0.000000) to estimate pi = 3.200000
   omp: 0.000011 s median (min 0.000010, max 0.000016) to estimate pi = 3.200000
NOTE:  Device is the ArrayFire device, Host is single core performance, and OMP is multi-core performance

Estimating PI using Monte Carlo method with:
Samples: 1.0e+02, Runs: 20
Memory required: 0.00 GB

device: 0.000144 s median (min 0.000109, max 0.000173) to estimate pi = 3.140000
  host: 0.000002 s median (min 0.000002, max 0.000002) to estimate pi = 3.140000
   omp: 0.000011 s median (min 0.000010, max 0.000030) to estimate pi = 3.100000
NOTE:  Device is the ArrayFire device, Host is single core performance, and OMP is multi-core performance

Estimating PI using Monte Carlo method with:
Samples: 1.0e+03, Runs: 20
Memory required: 0.00 GB

device: 0.000116 s median (min 0.000096, max 0.000160) to estimate pi = 3.146000
  host: 0.000016 s median (min 0.000016, max 0.000018) to estimate pi = 3.142000
   omp: 0.000011 s median (min 0.000011, max 0.000110) to estimate pi = 3.130000
NOTE:  Device is the ArrayFire device, Host is single core performance, and OMP is multi-core performance

Estimating PI using Monte Carlo method with:
Samples: 1.0e+04, Runs: 20
Memory required: 0.00 GB

device: 0.000127 s median (min 0.000111, max 0.000169) to estimate pi = 3.146800
  host: 0.000162 s median (min 0.000158, max 0.000177) to estimate pi = 3.140000
   omp: 0.000019 s median (min 0.000019, max 0.000033) to estimate pi = 3.145800
NOTE:  Device is the ArrayFire device, Host is single core performance, and OMP is multi-core performance

Estimating PI using Monte Carlo method with:
Samples: 1.0e+05, Runs: 20
Memory required: 0.00 GB

device: 0.000130 s median (min 0.000108, max 0.000184) to estimate pi = 3.141500
  host: 0.000993 s median (min 0.000975, max 0.001488) to estimate pi = 3.143720
   omp: 0.000095 s median (min 0.000092, max 0.000127) to estimate pi = 3.140320
NOTE:  Device is the ArrayFire device, Host is single core performance, and OMP is multi-core performance

Estimating PI using Monte Carlo method with:
Samples: 1.0e+06, Runs: 20
Memory required: 0.01 GB

device: 0.000118 s median (min 0.000111, max 0.000181) to estimate pi = 3.141684
  host: 0.010451 s median (min 0.009927, max 0.010992) to estimate pi = 3.141690
   omp: 0.000848 s median (min 0.000551, max 0.000907) to estimate pi = 3.141454
NOTE:  Device is the ArrayFire device, Host is single core performance, and OMP is multi-core performance

Estimating PI using Monte Carlo method with:
Samples: 1.0e+07, Runs: 20
Memory required: 0.08 GB

device: 0.000836 s median (min 0.000781, max 0.000894) to estimate pi = 3.141276
  host: 0.106162 s median (min 0.101255, max 0.109715) to estimate pi = 3.141538
   omp: 0.008608 s median (min 0.005360, max 0.009478) to estimate pi = 3.141931
NOTE:  Device is the ArrayFire device, Host is single core performance, and OMP is multi-core performance

Estimating PI using Monte Carlo method with:
Samples: 1.0e+08, Runs: 20
Memory required: 0.80 GB

device: 0.007206 s median (min 0.007191, max 0.007243) to estimate pi = 3.141576
  host: 1.002591 s median (min 0.991479, max 1.047660) to estimate pi = 3.141589
   omp: 0.083860 s median (min 0.063863, max 0.092001) to estimate pi = 3.141563
NOTE:  Device is the ArrayFire device, Host is single core performance, and OMP is multi-core performance

